regression testing
flaky test
root cause
rollback
edge case
code review
roll out
figure out
look into
bring up
carry out
iron out
on the same page
circle back
low-hanging fruit
move the needle
touch base
ballpark figure
agenda
action item
kick-off meeting
get up to speed
loop in
weigh in
eventually
actually
confident
billion
pension
genial
break the ice
catch up
long time no see
small world
keep in touch
no worries
hotfix
memory leak
technical debt
smoke test
race condition
false positive
set up
sort out
come up with
follow up
run into
wrap up
bottom line
game changer
cut corners
in the pipeline
back to the drawing board
get the ball rolling
